// Jest Snapshot v1, https://goo.gl/fbAQLP

exports[`will render a Book 1`] = `
<div
  className="book"
>
  <div
    className="book-top"
  >
    <div
      className="book-cover"
      style={
        Object {
          "backgroundImage": "url(null)",
          "height": 188,
          "width": 192,
        }
      }
    />
    <div
      className="book-shelf-changer"
    >
      <select
        defaultValue={undefined}
        onChange={[Function]}
      >
        <option
          disabled={true}
          value="move-to"
        >
          Move to...
        </option>
        <option
          value="currentlyReading"
        >
          Currently Reading
        </option>
        <option
          value="wantToRead"
        >
          Want to Read
        </option>
        <option
          value="read"
        >
          Read
        </option>
        <option
          value="none"
        >
          None
        </option>
      </select>
    </div>
  </div>
  <div
    className="book-authors"
  >
    Unknown author
  </div>
  <div
    className="book-title"
  >
    Fight Club
  </div>
</div>
`;

exports[`will render a Book with no imageLinks 1`] = `
<div
  className="book"
>
  <div
    className="book-top"
  >
    <div
      className="book-cover"
      style={
        Object {
          "backgroundImage": "url(null)",
          "height": 188,
          "width": 192,
        }
      }
    />
    <div
      className="book-shelf-changer"
    >
      <select
        defaultValue={undefined}
        onChange={[Function]}
      >
        <option
          disabled={true}
          value="move-to"
        >
          Move to...
        </option>
        <option
          value="currentlyReading"
        >
          Currently Reading
        </option>
        <option
          value="wantToRead"
        >
          Want to Read
        </option>
        <option
          value="read"
        >
          Read
        </option>
        <option
          value="none"
        >
          None
        </option>
      </select>
    </div>
  </div>
  <div
    className="book-authors"
  >
    Unknown author
  </div>
  <div
    className="book-title"
  >
    Fight Club
  </div>
</div>
`;
