// Jest Snapshot v1, https://goo.gl/fbAQLP

exports[`render a BookTitle 1`] = `
<div
  className="book-title"
>
  Fight Club
</div>
`;
